#! /c/Source/iverilog-install/bin/vvp
:ivl_version "12.0 (devel)" "(s20150603-1539-g2693dd32b)";
:ivl_delay_selection "TYPICAL";
:vpi_time_precision + 0;
:vpi_module "E:\iverilog\lib\ivl\system.vpi";
:vpi_module "E:\iverilog\lib\ivl\vhdl_sys.vpi";
:vpi_module "E:\iverilog\lib\ivl\vhdl_textio.vpi";
:vpi_module "E:\iverilog\lib\ivl\v2005_math.vpi";
:vpi_module "E:\iverilog\lib\ivl\va_math.vpi";
S_000002a8532ad8e0 .scope module, "vedic_8x8" "vedic_8x8" 2 2;
 .timescale 0 0;
    .port_info 0 /INPUT 8 "a";
    .port_info 1 /INPUT 8 "b";
    .port_info 2 /OUTPUT 16 "p";
v000002a8531dd530_0 .net *"_ivl_19", 12 0, L_000002a8531efcb0;  1 drivers
L_000002a8532b1288 .functor BUFT 1, C4<00000>, C4<0>, C4<0>, C4<0>;
v000002a8531dce50_0 .net *"_ivl_22", 4 0, L_000002a8532b1288;  1 drivers
v000002a8531de2f0_0 .net *"_ivl_23", 12 0, L_000002a8531efd50;  1 drivers
L_000002a8532b12d0 .functor BUFT 1, C4<00000>, C4<0>, C4<0>, C4<0>;
v000002a8531dcef0_0 .net *"_ivl_26", 4 0, L_000002a8532b12d0;  1 drivers
v000002a8531ddfd0_0 .net *"_ivl_27", 12 0, L_000002a8531efdf0;  1 drivers
L_000002a8532b1318 .functor BUFT 1, C4<0000>, C4<0>, C4<0>, C4<0>;
v000002a8531dc590_0 .net/2u *"_ivl_29", 3 0, L_000002a8532b1318;  1 drivers
v000002a8531ddc10_0 .net *"_ivl_32", 3 0, L_000002a8531efe90;  1 drivers
v000002a8531dcf90_0 .net *"_ivl_33", 7 0, L_000002a8531ee810;  1 drivers
v000002a8531dd710_0 .net *"_ivl_35", 12 0, L_000002a8531f0070;  1 drivers
L_000002a8532b1360 .functor BUFT 1, C4<00000>, C4<0>, C4<0>, C4<0>;
v000002a8531ddb70_0 .net *"_ivl_38", 4 0, L_000002a8532b1360;  1 drivers
v000002a8531dde90_0 .net *"_ivl_39", 12 0, L_000002a8531f06b0;  1 drivers
v000002a8531dc630_0 .net *"_ivl_44", 12 0, L_000002a8531f0c50;  1 drivers
L_000002a8532b13a8 .functor BUFT 1, C4<00000>, C4<0>, C4<0>, C4<0>;
v000002a8531dcc70_0 .net *"_ivl_47", 4 0, L_000002a8532b13a8;  1 drivers
L_000002a8532b13f0 .functor BUFT 1, C4<0000>, C4<0>, C4<0>, C4<0>;
v000002a8531ddd50_0 .net/2u *"_ivl_48", 3 0, L_000002a8532b13f0;  1 drivers
v000002a8531ddf30_0 .net *"_ivl_51", 7 0, L_000002a8531f0890;  1 drivers
v000002a8531dd030_0 .net *"_ivl_52", 11 0, L_000002a8531f0bb0;  1 drivers
v000002a8531dc6d0_0 .net *"_ivl_54", 12 0, L_000002a8531ee8b0;  1 drivers
L_000002a8532b1438 .functor BUFT 1, C4<0>, C4<0>, C4<0>, C4<0>;
v000002a8531de250_0 .net *"_ivl_57", 0 0, L_000002a8532b1438;  1 drivers
v000002a8531de070_0 .net *"_ivl_58", 12 0, L_000002a8531ee950;  1 drivers
v000002a8531dc770_0 .net *"_ivl_60", 12 0, L_000002a8531ee9f0;  1 drivers
L_000002a8532b1480 .functor BUFT 1, C4<000000000000>, C4<0>, C4<0>, C4<0>;
v000002a8531dd7b0_0 .net *"_ivl_63", 11 0, L_000002a8532b1480;  1 drivers
v000002a8531dd850_0 .net *"_ivl_64", 12 0, L_000002a8531eea90;  1 drivers
v000002a8531de110_0 .net *"_ivl_67", 3 0, L_000002a8531eeb30;  1 drivers
v000002a8531de1b0_0 .net *"_ivl_69", 3 0, L_000002a8531f8450;  1 drivers
v000002a8531dc810_0 .net *"_ivl_70", 19 0, L_000002a8531f93f0;  1 drivers
o000002a8531849a8 .functor BUFZ 8, C4<zzzzzzzz>; HiZ drive
v000002a8531dc8b0_0 .net "a", 7 0, o000002a8531849a8;  0 drivers
o000002a8531849d8 .functor BUFZ 8, C4<zzzzzzzz>; HiZ drive
v000002a8531dc950_0 .net "b", 7 0, o000002a8531849d8;  0 drivers
v000002a8531dcb30_0 .net "c1", 0 0, L_000002a8531eedb0;  1 drivers
v000002a8531dcbd0_0 .net "c2", 0 0, L_000002a8531f07f0;  1 drivers
v000002a8531e6ca0_0 .net "p", 15 0, L_000002a8531f9210;  1 drivers
v000002a8531e83c0_0 .net "p0", 7 0, L_000002a8531e8500;  1 drivers
v000002a8531e8a00_0 .net "p1", 7 0, L_000002a8531e9f40;  1 drivers
v000002a8531e6e80_0 .net "p2", 7 0, L_000002a8531f15b0;  1 drivers
v000002a8531e7740_0 .net "p3", 7 0, L_000002a8531ef8f0;  1 drivers
v000002a8531e6700_0 .net "s1", 11 0, L_000002a8531efb70;  1 drivers
v000002a8531e6d40_0 .net "s2", 11 0, L_000002a8531f09d0;  1 drivers
L_000002a8531e8be0 .part o000002a8531849a8, 0, 4;
L_000002a8531e6de0 .part o000002a8531849d8, 0, 4;
L_000002a8531e9fe0 .part o000002a8531849a8, 4, 4;
L_000002a8531ea300 .part o000002a8531849d8, 0, 4;
L_000002a8531f1fb0 .part o000002a8531849a8, 0, 4;
L_000002a8531eec70 .part o000002a8531849d8, 4, 4;
L_000002a8531eed10 .part o000002a8531849a8, 4, 4;
L_000002a8531efad0 .part o000002a8531849d8, 4, 4;
L_000002a8531eedb0 .part L_000002a8531f06b0, 12, 1;
L_000002a8531efb70 .part L_000002a8531f06b0, 0, 12;
L_000002a8531efcb0 .concat [ 8 5 0 0], L_000002a8531e9f40, L_000002a8532b1288;
L_000002a8531efd50 .concat [ 8 5 0 0], L_000002a8531f15b0, L_000002a8532b12d0;
L_000002a8531efdf0 .arith/sum 13, L_000002a8531efcb0, L_000002a8531efd50;
L_000002a8531efe90 .part L_000002a8531e8500, 4, 4;
L_000002a8531ee810 .concat [ 4 4 0 0], L_000002a8531efe90, L_000002a8532b1318;
L_000002a8531f0070 .concat [ 8 5 0 0], L_000002a8531ee810, L_000002a8532b1360;
L_000002a8531f06b0 .arith/sum 13, L_000002a8531efdf0, L_000002a8531f0070;
L_000002a8531f07f0 .part L_000002a8531eea90, 12, 1;
L_000002a8531f09d0 .part L_000002a8531eea90, 0, 12;
L_000002a8531f0c50 .concat [ 8 5 0 0], L_000002a8531ef8f0, L_000002a8532b13a8;
L_000002a8531f0890 .part L_000002a8531efb70, 4, 8;
L_000002a8531f0bb0 .concat [ 8 4 0 0], L_000002a8531f0890, L_000002a8532b13f0;
L_000002a8531ee8b0 .concat [ 12 1 0 0], L_000002a8531f0bb0, L_000002a8532b1438;
L_000002a8531ee950 .arith/sum 13, L_000002a8531f0c50, L_000002a8531ee8b0;
L_000002a8531ee9f0 .concat [ 1 12 0 0], L_000002a8531eedb0, L_000002a8532b1480;
L_000002a8531eea90 .arith/sum 13, L_000002a8531ee950, L_000002a8531ee9f0;
L_000002a8531eeb30 .part L_000002a8531efb70, 0, 4;
L_000002a8531f8450 .part L_000002a8531e8500, 0, 4;
L_000002a8531f93f0 .concat [ 4 4 12 0], L_000002a8531f8450, L_000002a8531eeb30, L_000002a8531f09d0;
L_000002a8531f9210 .part L_000002a8531f93f0, 0, 16;
S_000002a8532ada70 .scope module, "mul1" "vedic_4x4" 2 13, 2 28 0, S_000002a8532ad8e0;
 .timescale 0 0;
    .port_info 0 /INPUT 4 "a";
    .port_info 1 /INPUT 4 "b";
    .port_info 2 /OUTPUT 8 "p";
v000002a853177560_0 .net *"_ivl_1", 1 0, L_000002a8531e85a0;  1 drivers
v000002a8531772e0_0 .net *"_ivl_100", 6 0, L_000002a8531e76a0;  1 drivers
L_000002a8532b04c0 .functor BUFT 1, C4<000000>, C4<0>, C4<0>, C4<0>;
v000002a853177420_0 .net *"_ivl_103", 5 0, L_000002a8532b04c0;  1 drivers
v000002a8531774c0_0 .net *"_ivl_104", 6 0, L_000002a8531e7560;  1 drivers
v000002a853177ce0_0 .net *"_ivl_107", 1 0, L_000002a8531e7600;  1 drivers
v000002a853178b40_0 .net *"_ivl_109", 1 0, L_000002a8531e68e0;  1 drivers
L_000002a8532b00d0 .functor BUFT 1, C4<00>, C4<0>, C4<0>, C4<0>;
v000002a853177d80_0 .net *"_ivl_11", 1 0, L_000002a8532b00d0;  1 drivers
v000002a8531785a0_0 .net *"_ivl_110", 9 0, L_000002a8531e88c0;  1 drivers
v000002a853178780_0 .net *"_ivl_15", 1 0, L_000002a8531e7ce0;  1 drivers
v000002a853178000_0 .net *"_ivl_16", 3 0, L_000002a8531e8280;  1 drivers
L_000002a8532b0118 .functor BUFT 1, C4<00>, C4<0>, C4<0>, C4<0>;
v000002a853177600_0 .net *"_ivl_19", 1 0, L_000002a8532b0118;  1 drivers
v000002a8531780a0_0 .net *"_ivl_2", 3 0, L_000002a8531e7880;  1 drivers
v000002a8531776a0_0 .net *"_ivl_21", 1 0, L_000002a8531e6c00;  1 drivers
v000002a8531777e0_0 .net *"_ivl_22", 3 0, L_000002a8531e86e0;  1 drivers
L_000002a8532b0160 .functor BUFT 1, C4<00>, C4<0>, C4<0>, C4<0>;
v000002a853178140_0 .net *"_ivl_25", 1 0, L_000002a8532b0160;  1 drivers
v000002a8531788c0_0 .net *"_ivl_29", 1 0, L_000002a8531e6980;  1 drivers
v000002a853178960_0 .net *"_ivl_30", 3 0, L_000002a8531e6a20;  1 drivers
L_000002a8532b01a8 .functor BUFT 1, C4<00>, C4<0>, C4<0>, C4<0>;
v000002a853178a00_0 .net *"_ivl_33", 1 0, L_000002a8532b01a8;  1 drivers
v000002a853178be0_0 .net *"_ivl_35", 1 0, L_000002a8531e8640;  1 drivers
v000002a8531d3cc0_0 .net *"_ivl_36", 3 0, L_000002a8531e74c0;  1 drivers
L_000002a8532b01f0 .functor BUFT 1, C4<00>, C4<0>, C4<0>, C4<0>;
v000002a8531d48a0_0 .net *"_ivl_39", 1 0, L_000002a8532b01f0;  1 drivers
v000002a8531d44e0_0 .net *"_ivl_43", 1 0, L_000002a8531e8000;  1 drivers
v000002a8531d4800_0 .net *"_ivl_44", 3 0, L_000002a8531e8960;  1 drivers
L_000002a8532b0238 .functor BUFT 1, C4<00>, C4<0>, C4<0>, C4<0>;
v000002a8531d4300_0 .net *"_ivl_47", 1 0, L_000002a8532b0238;  1 drivers
v000002a8531d5520_0 .net *"_ivl_49", 1 0, L_000002a8531e65c0;  1 drivers
L_000002a8532b0088 .functor BUFT 1, C4<00>, C4<0>, C4<0>, C4<0>;
v000002a8531d4760_0 .net *"_ivl_5", 1 0, L_000002a8532b0088;  1 drivers
v000002a8531d3a40_0 .net *"_ivl_50", 3 0, L_000002a8531e7240;  1 drivers
L_000002a8532b0280 .functor BUFT 1, C4<00>, C4<0>, C4<0>, C4<0>;
v000002a8531d41c0_0 .net *"_ivl_53", 1 0, L_000002a8532b0280;  1 drivers
v000002a8531d3ea0_0 .net *"_ivl_59", 6 0, L_000002a8531e6ac0;  1 drivers
L_000002a8532b02c8 .functor BUFT 1, C4<000>, C4<0>, C4<0>, C4<0>;
v000002a8531d4f80_0 .net *"_ivl_62", 2 0, L_000002a8532b02c8;  1 drivers
v000002a8531d3ae0_0 .net *"_ivl_63", 6 0, L_000002a8531e8b40;  1 drivers
L_000002a8532b0310 .functor BUFT 1, C4<000>, C4<0>, C4<0>, C4<0>;
v000002a8531d37c0_0 .net *"_ivl_66", 2 0, L_000002a8532b0310;  1 drivers
v000002a8531d43a0_0 .net *"_ivl_67", 6 0, L_000002a8531e7060;  1 drivers
L_000002a8532b0358 .functor BUFT 1, C4<00>, C4<0>, C4<0>, C4<0>;
v000002a8531d3fe0_0 .net/2u *"_ivl_69", 1 0, L_000002a8532b0358;  1 drivers
v000002a8531d4940_0 .net *"_ivl_7", 1 0, L_000002a8531e7920;  1 drivers
v000002a8531d50c0_0 .net *"_ivl_72", 1 0, L_000002a8531e6f20;  1 drivers
v000002a8531d4e40_0 .net *"_ivl_73", 3 0, L_000002a8531e67a0;  1 drivers
v000002a8531d4d00_0 .net *"_ivl_75", 6 0, L_000002a8531e6fc0;  1 drivers
L_000002a8532b03a0 .functor BUFT 1, C4<000>, C4<0>, C4<0>, C4<0>;
v000002a8531d4bc0_0 .net *"_ivl_78", 2 0, L_000002a8532b03a0;  1 drivers
v000002a8531d39a0_0 .net *"_ivl_79", 6 0, L_000002a8531e8aa0;  1 drivers
v000002a8531d5480_0 .net *"_ivl_8", 3 0, L_000002a8531e6b60;  1 drivers
v000002a8531d3f40_0 .net *"_ivl_84", 6 0, L_000002a8531e72e0;  1 drivers
L_000002a8532b03e8 .functor BUFT 1, C4<000>, C4<0>, C4<0>, C4<0>;
v000002a8531d3900_0 .net *"_ivl_87", 2 0, L_000002a8532b03e8;  1 drivers
L_000002a8532b0430 .functor BUFT 1, C4<00>, C4<0>, C4<0>, C4<0>;
v000002a8531d3720_0 .net/2u *"_ivl_88", 1 0, L_000002a8532b0430;  1 drivers
v000002a8531d55c0_0 .net *"_ivl_91", 3 0, L_000002a8531e8460;  1 drivers
v000002a8531d4da0_0 .net *"_ivl_92", 5 0, L_000002a8531e6480;  1 drivers
v000002a8531d49e0_0 .net *"_ivl_94", 6 0, L_000002a8531e6840;  1 drivers
L_000002a8532b0478 .functor BUFT 1, C4<0>, C4<0>, C4<0>, C4<0>;
v000002a8531d4ee0_0 .net *"_ivl_97", 0 0, L_000002a8532b0478;  1 drivers
v000002a8531d4a80_0 .net *"_ivl_98", 6 0, L_000002a8531e7420;  1 drivers
v000002a8531d5340_0 .net "a", 3 0, L_000002a8531e8be0;  1 drivers
v000002a8531d3860_0 .net "b", 3 0, L_000002a8531e6de0;  1 drivers
v000002a8531d5160_0 .net "c1", 0 0, L_000002a8531e81e0;  1 drivers
v000002a8531d4620_0 .net "c2", 0 0, L_000002a8531e80a0;  1 drivers
v000002a8531d46c0_0 .net "p", 7 0, L_000002a8531e8500;  alias, 1 drivers
v000002a8531d5200_0 .net "p0", 3 0, L_000002a8531e7ba0;  1 drivers
v000002a8531d4260_0 .net "p1", 3 0, L_000002a8531e6520;  1 drivers
v000002a8531d4b20_0 .net "p2", 3 0, L_000002a8531e8140;  1 drivers
v000002a8531d5020_0 .net "p3", 3 0, L_000002a8531e8320;  1 drivers
v000002a8531d3b80_0 .net "s1", 5 0, L_000002a8531e77e0;  1 drivers
v000002a8531d53e0_0 .net "s2", 5 0, L_000002a8531e7100;  1 drivers
L_000002a8531e85a0 .part L_000002a8531e8be0, 0, 2;
L_000002a8531e7880 .concat [ 2 2 0 0], L_000002a8531e85a0, L_000002a8532b0088;
L_000002a8531e7920 .part L_000002a8531e6de0, 0, 2;
L_000002a8531e6b60 .concat [ 2 2 0 0], L_000002a8531e7920, L_000002a8532b00d0;
L_000002a8531e7ba0 .arith/mult 4, L_000002a8531e7880, L_000002a8531e6b60;
L_000002a8531e7ce0 .part L_000002a8531e8be0, 2, 2;
L_000002a8531e8280 .concat [ 2 2 0 0], L_000002a8531e7ce0, L_000002a8532b0118;
L_000002a8531e6c00 .part L_000002a8531e6de0, 0, 2;
L_000002a8531e86e0 .concat [ 2 2 0 0], L_000002a8531e6c00, L_000002a8532b0160;
L_000002a8531e6520 .arith/mult 4, L_000002a8531e8280, L_000002a8531e86e0;
L_000002a8531e6980 .part L_000002a8531e8be0, 0, 2;
L_000002a8531e6a20 .concat [ 2 2 0 0], L_000002a8531e6980, L_000002a8532b01a8;
L_000002a8531e8640 .part L_000002a8531e6de0, 2, 2;
L_000002a8531e74c0 .concat [ 2 2 0 0], L_000002a8531e8640, L_000002a8532b01f0;
L_000002a8531e8140 .arith/mult 4, L_000002a8531e6a20, L_000002a8531e74c0;
L_000002a8531e8000 .part L_000002a8531e8be0, 2, 2;
L_000002a8531e8960 .concat [ 2 2 0 0], L_000002a8531e8000, L_000002a8532b0238;
L_000002a8531e65c0 .part L_000002a8531e6de0, 2, 2;
L_000002a8531e7240 .concat [ 2 2 0 0], L_000002a8531e65c0, L_000002a8532b0280;
L_000002a8531e8320 .arith/mult 4, L_000002a8531e8960, L_000002a8531e7240;
L_000002a8531e81e0 .part L_000002a8531e8aa0, 6, 1;
L_000002a8531e77e0 .part L_000002a8531e8aa0, 0, 6;
L_000002a8531e6ac0 .concat [ 4 3 0 0], L_000002a8531e6520, L_000002a8532b02c8;
L_000002a8531e8b40 .concat [ 4 3 0 0], L_000002a8531e8140, L_000002a8532b0310;
L_000002a8531e7060 .arith/sum 7, L_000002a8531e6ac0, L_000002a8531e8b40;
L_000002a8531e6f20 .part L_000002a8531e7ba0, 2, 2;
L_000002a8531e67a0 .concat [ 2 2 0 0], L_000002a8531e6f20, L_000002a8532b0358;
L_000002a8531e6fc0 .concat [ 4 3 0 0], L_000002a8531e67a0, L_000002a8532b03a0;
L_000002a8531e8aa0 .arith/sum 7, L_000002a8531e7060, L_000002a8531e6fc0;
L_000002a8531e80a0 .part L_000002a8531e7560, 6, 1;
L_000002a8531e7100 .part L_000002a8531e7560, 0, 6;
L_000002a8531e72e0 .concat [ 4 3 0 0], L_000002a8531e8320, L_000002a8532b03e8;
L_000002a8531e8460 .part L_000002a8531e77e0, 2, 4;
L_000002a8531e6480 .concat [ 4 2 0 0], L_000002a8531e8460, L_000002a8532b0430;
L_000002a8531e6840 .concat [ 6 1 0 0], L_000002a8531e6480, L_000002a8532b0478;
L_000002a8531e7420 .arith/sum 7, L_000002a8531e72e0, L_000002a8531e6840;
L_000002a8531e76a0 .concat [ 1 6 0 0], L_000002a8531e81e0, L_000002a8532b04c0;
L_000002a8531e7560 .arith/sum 7, L_000002a8531e7420, L_000002a8531e76a0;
L_000002a8531e7600 .part L_000002a8531e77e0, 0, 2;
L_000002a8531e68e0 .part L_000002a8531e7ba0, 0, 2;
L_000002a8531e88c0 .concat [ 2 2 6 0], L_000002a8531e68e0, L_000002a8531e7600, L_000002a8531e7100;
L_000002a8531e8500 .part L_000002a8531e88c0, 0, 8;
S_000002a8531d58f0 .scope module, "mul2" "vedic_4x4" 2 14, 2 28 0, S_000002a8532ad8e0;
 .timescale 0 0;
    .port_info 0 /INPUT 4 "a";
    .port_info 1 /INPUT 4 "b";
    .port_info 2 /OUTPUT 8 "p";
v000002a8531d4080_0 .net *"_ivl_1", 1 0, L_000002a8531e7380;  1 drivers
v000002a8531d4120_0 .net *"_ivl_100", 6 0, L_000002a8531e9860;  1 drivers
L_000002a8532b0940 .functor BUFT 1, C4<000000>, C4<0>, C4<0>, C4<0>;
v000002a8531d3c20_0 .net *"_ivl_103", 5 0, L_000002a8532b0940;  1 drivers
v000002a8531d3d60_0 .net *"_ivl_104", 6 0, L_000002a8531e94a0;  1 drivers
v000002a8531d4c60_0 .net *"_ivl_107", 1 0, L_000002a8531e9d60;  1 drivers
v000002a8531d52a0_0 .net *"_ivl_109", 1 0, L_000002a8531e9e00;  1 drivers
L_000002a8532b0550 .functor BUFT 1, C4<00>, C4<0>, C4<0>, C4<0>;
v000002a8531d3e00_0 .net *"_ivl_11", 1 0, L_000002a8532b0550;  1 drivers
v000002a8531d4440_0 .net *"_ivl_110", 9 0, L_000002a8531e9ea0;  1 drivers
v000002a8531d4580_0 .net *"_ivl_15", 1 0, L_000002a8531e7b00;  1 drivers
v000002a8531d5d50_0 .net *"_ivl_16", 3 0, L_000002a8531e7c40;  1 drivers
L_000002a8532b0598 .functor BUFT 1, C4<00>, C4<0>, C4<0>, C4<0>;
v000002a8531d5ad0_0 .net *"_ivl_19", 1 0, L_000002a8532b0598;  1 drivers
v000002a8531d76f0_0 .net *"_ivl_2", 3 0, L_000002a8531e79c0;  1 drivers
v000002a8531d75b0_0 .net *"_ivl_21", 1 0, L_000002a8531e7d80;  1 drivers
v000002a8531d6110_0 .net *"_ivl_22", 3 0, L_000002a8531e7e20;  1 drivers
L_000002a8532b05e0 .functor BUFT 1, C4<00>, C4<0>, C4<0>, C4<0>;
v000002a8531d6610_0 .net *"_ivl_25", 1 0, L_000002a8532b05e0;  1 drivers
v000002a8531d6430_0 .net *"_ivl_29", 1 0, L_000002a8531e7ec0;  1 drivers
v000002a8531d7290_0 .net *"_ivl_30", 3 0, L_000002a8531e7f60;  1 drivers
L_000002a8532b0628 .functor BUFT 1, C4<00>, C4<0>, C4<0>, C4<0>;
v000002a8531d6c50_0 .net *"_ivl_33", 1 0, L_000002a8532b0628;  1 drivers
v000002a8531d69d0_0 .net *"_ivl_35", 1 0, L_000002a8531e8820;  1 drivers
v000002a8531d6f70_0 .net *"_ivl_36", 3 0, L_000002a8531e9540;  1 drivers
L_000002a8532b0670 .functor BUFT 1, C4<00>, C4<0>, C4<0>, C4<0>;
v000002a8531d62f0_0 .net *"_ivl_39", 1 0, L_000002a8532b0670;  1 drivers
v000002a8531d5fd0_0 .net *"_ivl_43", 1 0, L_000002a8531e9a40;  1 drivers
v000002a8531d6a70_0 .net *"_ivl_44", 3 0, L_000002a8531ea120;  1 drivers
L_000002a8532b06b8 .functor BUFT 1, C4<00>, C4<0>, C4<0>, C4<0>;
v000002a8531d6070_0 .net *"_ivl_47", 1 0, L_000002a8532b06b8;  1 drivers
v000002a8531d6890_0 .net *"_ivl_49", 1 0, L_000002a8531e99a0;  1 drivers
L_000002a8532b0508 .functor BUFT 1, C4<00>, C4<0>, C4<0>, C4<0>;
v000002a8531d6cf0_0 .net *"_ivl_5", 1 0, L_000002a8532b0508;  1 drivers
v000002a8531d6930_0 .net *"_ivl_50", 3 0, L_000002a8531e90e0;  1 drivers
L_000002a8532b0700 .functor BUFT 1, C4<00>, C4<0>, C4<0>, C4<0>;
v000002a8531d78d0_0 .net *"_ivl_53", 1 0, L_000002a8532b0700;  1 drivers
v000002a8531d6bb0_0 .net *"_ivl_59", 6 0, L_000002a8531e8f00;  1 drivers
L_000002a8532b0748 .functor BUFT 1, C4<000>, C4<0>, C4<0>, C4<0>;
v000002a8531d7330_0 .net *"_ivl_62", 2 0, L_000002a8532b0748;  1 drivers
v000002a8531d7010_0 .net *"_ivl_63", 6 0, L_000002a8531e9c20;  1 drivers
L_000002a8532b0790 .functor BUFT 1, C4<000>, C4<0>, C4<0>, C4<0>;
v000002a8531d71f0_0 .net *"_ivl_66", 2 0, L_000002a8532b0790;  1 drivers
v000002a8531d6390_0 .net *"_ivl_67", 6 0, L_000002a8531e9180;  1 drivers
L_000002a8532b07d8 .functor BUFT 1, C4<00>, C4<0>, C4<0>, C4<0>;
v000002a8531d7970_0 .net/2u *"_ivl_69", 1 0, L_000002a8532b07d8;  1 drivers
v000002a8531d61b0_0 .net *"_ivl_7", 1 0, L_000002a8531e7a60;  1 drivers
v000002a8531d6ed0_0 .net *"_ivl_72", 1 0, L_000002a8531e9220;  1 drivers
v000002a8531d7830_0 .net *"_ivl_73", 3 0, L_000002a8531e9040;  1 drivers
v000002a8531d67f0_0 .net *"_ivl_75", 6 0, L_000002a8531e92c0;  1 drivers
L_000002a8532b0820 .functor BUFT 1, C4<000>, C4<0>, C4<0>, C4<0>;
v000002a8531d5b70_0 .net *"_ivl_78", 2 0, L_000002a8532b0820;  1 drivers
v000002a8531d6e30_0 .net *"_ivl_79", 6 0, L_000002a8531e9ae0;  1 drivers
v000002a8531d64d0_0 .net *"_ivl_8", 3 0, L_000002a8531e71a0;  1 drivers
v000002a8531d7790_0 .net *"_ivl_84", 6 0, L_000002a8531e9400;  1 drivers
L_000002a8532b0868 .functor BUFT 1, C4<000>, C4<0>, C4<0>, C4<0>;
v000002a8531d6b10_0 .net *"_ivl_87", 2 0, L_000002a8532b0868;  1 drivers
L_000002a8532b08b0 .functor BUFT 1, C4<00>, C4<0>, C4<0>, C4<0>;
v000002a8531d7650_0 .net/2u *"_ivl_88", 1 0, L_000002a8532b08b0;  1 drivers
v000002a8531d73d0_0 .net *"_ivl_91", 3 0, L_000002a8531e97c0;  1 drivers
v000002a8531d6250_0 .net *"_ivl_92", 5 0, L_000002a8531e9cc0;  1 drivers
v000002a8531d5c10_0 .net *"_ivl_94", 6 0, L_000002a8531e9720;  1 drivers
L_000002a8532b08f8 .functor BUFT 1, C4<0>, C4<0>, C4<0>, C4<0>;
v000002a8531d66b0_0 .net *"_ivl_97", 0 0, L_000002a8532b08f8;  1 drivers
v000002a8531d6570_0 .net *"_ivl_98", 6 0, L_000002a8531ea260;  1 drivers
v000002a8531d6750_0 .net "a", 3 0, L_000002a8531e9fe0;  1 drivers
v000002a8531d6d90_0 .net "b", 3 0, L_000002a8531ea300;  1 drivers
v000002a8531d70b0_0 .net "c1", 0 0, L_000002a8531e9680;  1 drivers
v000002a8531d7150_0 .net "c2", 0 0, L_000002a8531e9360;  1 drivers
v000002a8531d7470_0 .net "p", 7 0, L_000002a8531e9f40;  alias, 1 drivers
v000002a8531d7510_0 .net "p0", 3 0, L_000002a8531e6660;  1 drivers
v000002a8531d5cb0_0 .net "p1", 3 0, L_000002a8531e8780;  1 drivers
v000002a8531d5df0_0 .net "p2", 3 0, L_000002a8531e9900;  1 drivers
v000002a8531d5e90_0 .net "p3", 3 0, L_000002a8531e95e0;  1 drivers
v000002a8531d5f30_0 .net "s1", 5 0, L_000002a8531e9b80;  1 drivers
v000002a8531d8f10_0 .net "s2", 5 0, L_000002a8531e8c80;  1 drivers
L_000002a8531e7380 .part L_000002a8531e9fe0, 0, 2;
L_000002a8531e79c0 .concat [ 2 2 0 0], L_000002a8531e7380, L_000002a8532b0508;
L_000002a8531e7a60 .part L_000002a8531ea300, 0, 2;
L_000002a8531e71a0 .concat [ 2 2 0 0], L_000002a8531e7a60, L_000002a8532b0550;
L_000002a8531e6660 .arith/mult 4, L_000002a8531e79c0, L_000002a8531e71a0;
L_000002a8531e7b00 .part L_000002a8531e9fe0, 2, 2;
L_000002a8531e7c40 .concat [ 2 2 0 0], L_000002a8531e7b00, L_000002a8532b0598;
L_000002a8531e7d80 .part L_000002a8531ea300, 0, 2;
L_000002a8531e7e20 .concat [ 2 2 0 0], L_000002a8531e7d80, L_000002a8532b05e0;
L_000002a8531e8780 .arith/mult 4, L_000002a8531e7c40, L_000002a8531e7e20;
L_000002a8531e7ec0 .part L_000002a8531e9fe0, 0, 2;
L_000002a8531e7f60 .concat [ 2 2 0 0], L_000002a8531e7ec0, L_000002a8532b0628;
L_000002a8531e8820 .part L_000002a8531ea300, 2, 2;
L_000002a8531e9540 .concat [ 2 2 0 0], L_000002a8531e8820, L_000002a8532b0670;
L_000002a8531e9900 .arith/mult 4, L_000002a8531e7f60, L_000002a8531e9540;
L_000002a8531e9a40 .part L_000002a8531e9fe0, 2, 2;
L_000002a8531ea120 .concat [ 2 2 0 0], L_000002a8531e9a40, L_000002a8532b06b8;
L_000002a8531e99a0 .part L_000002a8531ea300, 2, 2;
L_000002a8531e90e0 .concat [ 2 2 0 0], L_000002a8531e99a0, L_000002a8532b0700;
L_000002a8531e95e0 .arith/mult 4, L_000002a8531ea120, L_000002a8531e90e0;
L_000002a8531e9680 .part L_000002a8531e9ae0, 6, 1;
L_000002a8531e9b80 .part L_000002a8531e9ae0, 0, 6;
L_000002a8531e8f00 .concat [ 4 3 0 0], L_000002a8531e8780, L_000002a8532b0748;
L_000002a8531e9c20 .concat [ 4 3 0 0], L_000002a8531e9900, L_000002a8532b0790;
L_000002a8531e9180 .arith/sum 7, L_000002a8531e8f00, L_000002a8531e9c20;
L_000002a8531e9220 .part L_000002a8531e6660, 2, 2;
L_000002a8531e9040 .concat [ 2 2 0 0], L_000002a8531e9220, L_000002a8532b07d8;
L_000002a8531e92c0 .concat [ 4 3 0 0], L_000002a8531e9040, L_000002a8532b0820;
L_000002a8531e9ae0 .arith/sum 7, L_000002a8531e9180, L_000002a8531e92c0;
L_000002a8531e9360 .part L_000002a8531e94a0, 6, 1;
L_000002a8531e8c80 .part L_000002a8531e94a0, 0, 6;
L_000002a8531e9400 .concat [ 4 3 0 0], L_000002a8531e95e0, L_000002a8532b0868;
L_000002a8531e97c0 .part L_000002a8531e9b80, 2, 4;
L_000002a8531e9cc0 .concat [ 4 2 0 0], L_000002a8531e97c0, L_000002a8532b08b0;
L_000002a8531e9720 .concat [ 6 1 0 0], L_000002a8531e9cc0, L_000002a8532b08f8;
L_000002a8531ea260 .arith/sum 7, L_000002a8531e9400, L_000002a8531e9720;
L_000002a8531e9860 .concat [ 1 6 0 0], L_000002a8531e9680, L_000002a8532b0940;
L_000002a8531e94a0 .arith/sum 7, L_000002a8531ea260, L_000002a8531e9860;
L_000002a8531e9d60 .part L_000002a8531e9b80, 0, 2;
L_000002a8531e9e00 .part L_000002a8531e6660, 0, 2;
L_000002a8531e9ea0 .concat [ 2 2 6 0], L_000002a8531e9e00, L_000002a8531e9d60, L_000002a8531e8c80;
L_000002a8531e9f40 .part L_000002a8531e9ea0, 0, 8;
S_000002a8531d9cb0 .scope module, "mul3" "vedic_4x4" 2 15, 2 28 0, S_000002a8532ad8e0;
 .timescale 0 0;
    .port_info 0 /INPUT 4 "a";
    .port_info 1 /INPUT 4 "b";
    .port_info 2 /OUTPUT 8 "p";
v000002a8531d9b90_0 .net *"_ivl_1", 1 0, L_000002a8531ea080;  1 drivers
v000002a8531d8290_0 .net *"_ivl_100", 6 0, L_000002a8531f1970;  1 drivers
L_000002a8532b0dc0 .functor BUFT 1, C4<000000>, C4<0>, C4<0>, C4<0>;
v000002a8531d8150_0 .net *"_ivl_103", 5 0, L_000002a8532b0dc0;  1 drivers
v000002a8531d8ab0_0 .net *"_ivl_104", 6 0, L_000002a8531f1510;  1 drivers
v000002a8531d8790_0 .net *"_ivl_107", 1 0, L_000002a8531f1ab0;  1 drivers
v000002a8531d9690_0 .net *"_ivl_109", 1 0, L_000002a8531f1b50;  1 drivers
L_000002a8532b09d0 .functor BUFT 1, C4<00>, C4<0>, C4<0>, C4<0>;
v000002a8531d8970_0 .net *"_ivl_11", 1 0, L_000002a8532b09d0;  1 drivers
v000002a8531d8a10_0 .net *"_ivl_110", 9 0, L_000002a8531f1dd0;  1 drivers
v000002a8531d9370_0 .net *"_ivl_15", 1 0, L_000002a8531e8fa0;  1 drivers
v000002a8531d7ed0_0 .net *"_ivl_16", 3 0, L_000002a8531f1d30;  1 drivers
L_000002a8532b0a18 .functor BUFT 1, C4<00>, C4<0>, C4<0>, C4<0>;
v000002a8531d88d0_0 .net *"_ivl_19", 1 0, L_000002a8532b0a18;  1 drivers
v000002a8531d8330_0 .net *"_ivl_2", 3 0, L_000002a8531ea1c0;  1 drivers
v000002a8531d8b50_0 .net *"_ivl_21", 1 0, L_000002a8531f0ed0;  1 drivers
v000002a8531d81f0_0 .net *"_ivl_22", 3 0, L_000002a8531f13d0;  1 drivers
L_000002a8532b0a60 .functor BUFT 1, C4<00>, C4<0>, C4<0>, C4<0>;
v000002a8531d7cf0_0 .net *"_ivl_25", 1 0, L_000002a8532b0a60;  1 drivers
v000002a8531d83d0_0 .net *"_ivl_29", 1 0, L_000002a8531f22d0;  1 drivers
v000002a8531d85b0_0 .net *"_ivl_30", 3 0, L_000002a8531f18d0;  1 drivers
L_000002a8532b0aa8 .functor BUFT 1, C4<00>, C4<0>, C4<0>, C4<0>;
v000002a8531d8830_0 .net *"_ivl_33", 1 0, L_000002a8532b0aa8;  1 drivers
v000002a8531d7d90_0 .net *"_ivl_35", 1 0, L_000002a8531f1330;  1 drivers
v000002a8531d9a50_0 .net *"_ivl_36", 3 0, L_000002a8531f10b0;  1 drivers
L_000002a8532b0af0 .functor BUFT 1, C4<00>, C4<0>, C4<0>, C4<0>;
v000002a8531d8bf0_0 .net *"_ivl_39", 1 0, L_000002a8532b0af0;  1 drivers
v000002a8531d7e30_0 .net *"_ivl_43", 1 0, L_000002a8531f1790;  1 drivers
v000002a8531d7f70_0 .net *"_ivl_44", 3 0, L_000002a8531f1bf0;  1 drivers
L_000002a8532b0b38 .functor BUFT 1, C4<00>, C4<0>, C4<0>, C4<0>;
v000002a8531d8c90_0 .net *"_ivl_47", 1 0, L_000002a8532b0b38;  1 drivers
v000002a8531d95f0_0 .net *"_ivl_49", 1 0, L_000002a8531f1830;  1 drivers
L_000002a8532b0988 .functor BUFT 1, C4<00>, C4<0>, C4<0>, C4<0>;
v000002a8531d8d30_0 .net *"_ivl_5", 1 0, L_000002a8532b0988;  1 drivers
v000002a8531d8470_0 .net *"_ivl_50", 3 0, L_000002a8531f2050;  1 drivers
L_000002a8532b0b80 .functor BUFT 1, C4<00>, C4<0>, C4<0>, C4<0>;
v000002a8531d8dd0_0 .net *"_ivl_53", 1 0, L_000002a8532b0b80;  1 drivers
v000002a8531d9870_0 .net *"_ivl_59", 6 0, L_000002a8531f20f0;  1 drivers
L_000002a8532b0bc8 .functor BUFT 1, C4<000>, C4<0>, C4<0>, C4<0>;
v000002a8531d8fb0_0 .net *"_ivl_62", 2 0, L_000002a8532b0bc8;  1 drivers
v000002a8531d8010_0 .net *"_ivl_63", 6 0, L_000002a8531f1150;  1 drivers
L_000002a8532b0c10 .functor BUFT 1, C4<000>, C4<0>, C4<0>, C4<0>;
v000002a8531d9730_0 .net *"_ivl_66", 2 0, L_000002a8532b0c10;  1 drivers
v000002a8531d8e70_0 .net *"_ivl_67", 6 0, L_000002a8531f2230;  1 drivers
L_000002a8532b0c58 .functor BUFT 1, C4<00>, C4<0>, C4<0>, C4<0>;
v000002a8531d9050_0 .net/2u *"_ivl_69", 1 0, L_000002a8532b0c58;  1 drivers
v000002a8531d90f0_0 .net *"_ivl_7", 1 0, L_000002a8531e8d20;  1 drivers
v000002a8531d94b0_0 .net *"_ivl_72", 1 0, L_000002a8531f1010;  1 drivers
v000002a8531d9190_0 .net *"_ivl_73", 3 0, L_000002a8531f2370;  1 drivers
v000002a8531d9af0_0 .net *"_ivl_75", 6 0, L_000002a8531f1c90;  1 drivers
L_000002a8532b0ca0 .functor BUFT 1, C4<000>, C4<0>, C4<0>, C4<0>;
v000002a8531d8510_0 .net *"_ivl_78", 2 0, L_000002a8532b0ca0;  1 drivers
v000002a8531d9550_0 .net *"_ivl_79", 6 0, L_000002a8531f11f0;  1 drivers
v000002a8531d9230_0 .net *"_ivl_8", 3 0, L_000002a8531e8dc0;  1 drivers
v000002a8531d8650_0 .net *"_ivl_84", 6 0, L_000002a8531f16f0;  1 drivers
L_000002a8532b0ce8 .functor BUFT 1, C4<000>, C4<0>, C4<0>, C4<0>;
v000002a8531d92d0_0 .net *"_ivl_87", 2 0, L_000002a8532b0ce8;  1 drivers
L_000002a8532b0d30 .functor BUFT 1, C4<00>, C4<0>, C4<0>, C4<0>;
v000002a8531d9410_0 .net/2u *"_ivl_88", 1 0, L_000002a8532b0d30;  1 drivers
v000002a8531d97d0_0 .net *"_ivl_91", 3 0, L_000002a8531f1470;  1 drivers
v000002a8531d9910_0 .net *"_ivl_92", 5 0, L_000002a8531f2190;  1 drivers
v000002a8531d80b0_0 .net *"_ivl_94", 6 0, L_000002a8531f24b0;  1 drivers
L_000002a8532b0d78 .functor BUFT 1, C4<0>, C4<0>, C4<0>, C4<0>;
v000002a8531d86f0_0 .net *"_ivl_97", 0 0, L_000002a8532b0d78;  1 drivers
v000002a8531d99b0_0 .net *"_ivl_98", 6 0, L_000002a8531f1f10;  1 drivers
v000002a8531db360_0 .net "a", 3 0, L_000002a8531f1fb0;  1 drivers
v000002a8531dbf40_0 .net "b", 3 0, L_000002a8531eec70;  1 drivers
v000002a8531da320_0 .net "c1", 0 0, L_000002a8531f2550;  1 drivers
v000002a8531dac80_0 .net "c2", 0 0, L_000002a8531f1a10;  1 drivers
v000002a8531dad20_0 .net "p", 7 0, L_000002a8531f15b0;  alias, 1 drivers
v000002a8531da960_0 .net "p0", 3 0, L_000002a8531e8e60;  1 drivers
v000002a8531db180_0 .net "p1", 3 0, L_000002a8531f1e70;  1 drivers
v000002a8531dba40_0 .net "p2", 3 0, L_000002a8531f0f70;  1 drivers
v000002a8531db7c0_0 .net "p3", 3 0, L_000002a8531f2410;  1 drivers
v000002a8531dae60_0 .net "s1", 5 0, L_000002a8531f1650;  1 drivers
v000002a8531db220_0 .net "s2", 5 0, L_000002a8531f1290;  1 drivers
L_000002a8531ea080 .part L_000002a8531f1fb0, 0, 2;
L_000002a8531ea1c0 .concat [ 2 2 0 0], L_000002a8531ea080, L_000002a8532b0988;
L_000002a8531e8d20 .part L_000002a8531eec70, 0, 2;
L_000002a8531e8dc0 .concat [ 2 2 0 0], L_000002a8531e8d20, L_000002a8532b09d0;
L_000002a8531e8e60 .arith/mult 4, L_000002a8531ea1c0, L_000002a8531e8dc0;
L_000002a8531e8fa0 .part L_000002a8531f1fb0, 2, 2;
L_000002a8531f1d30 .concat [ 2 2 0 0], L_000002a8531e8fa0, L_000002a8532b0a18;
L_000002a8531f0ed0 .part L_000002a8531eec70, 0, 2;
L_000002a8531f13d0 .concat [ 2 2 0 0], L_000002a8531f0ed0, L_000002a8532b0a60;
L_000002a8531f1e70 .arith/mult 4, L_000002a8531f1d30, L_000002a8531f13d0;
L_000002a8531f22d0 .part L_000002a8531f1fb0, 0, 2;
L_000002a8531f18d0 .concat [ 2 2 0 0], L_000002a8531f22d0, L_000002a8532b0aa8;
L_000002a8531f1330 .part L_000002a8531eec70, 2, 2;
L_000002a8531f10b0 .concat [ 2 2 0 0], L_000002a8531f1330, L_000002a8532b0af0;
L_000002a8531f0f70 .arith/mult 4, L_000002a8531f18d0, L_000002a8531f10b0;
L_000002a8531f1790 .part L_000002a8531f1fb0, 2, 2;
L_000002a8531f1bf0 .concat [ 2 2 0 0], L_000002a8531f1790, L_000002a8532b0b38;
L_000002a8531f1830 .part L_000002a8531eec70, 2, 2;
L_000002a8531f2050 .concat [ 2 2 0 0], L_000002a8531f1830, L_000002a8532b0b80;
L_000002a8531f2410 .arith/mult 4, L_000002a8531f1bf0, L_000002a8531f2050;
L_000002a8531f2550 .part L_000002a8531f11f0, 6, 1;
L_000002a8531f1650 .part L_000002a8531f11f0, 0, 6;
L_000002a8531f20f0 .concat [ 4 3 0 0], L_000002a8531f1e70, L_000002a8532b0bc8;
L_000002a8531f1150 .concat [ 4 3 0 0], L_000002a8531f0f70, L_000002a8532b0c10;
L_000002a8531f2230 .arith/sum 7, L_000002a8531f20f0, L_000002a8531f1150;
L_000002a8531f1010 .part L_000002a8531e8e60, 2, 2;
L_000002a8531f2370 .concat [ 2 2 0 0], L_000002a8531f1010, L_000002a8532b0c58;
L_000002a8531f1c90 .concat [ 4 3 0 0], L_000002a8531f2370, L_000002a8532b0ca0;
L_000002a8531f11f0 .arith/sum 7, L_000002a8531f2230, L_000002a8531f1c90;
L_000002a8531f1a10 .part L_000002a8531f1510, 6, 1;
L_000002a8531f1290 .part L_000002a8531f1510, 0, 6;
L_000002a8531f16f0 .concat [ 4 3 0 0], L_000002a8531f2410, L_000002a8532b0ce8;
L_000002a8531f1470 .part L_000002a8531f1650, 2, 4;
L_000002a8531f2190 .concat [ 4 2 0 0], L_000002a8531f1470, L_000002a8532b0d30;
L_000002a8531f24b0 .concat [ 6 1 0 0], L_000002a8531f2190, L_000002a8532b0d78;
L_000002a8531f1f10 .arith/sum 7, L_000002a8531f16f0, L_000002a8531f24b0;
L_000002a8531f1970 .concat [ 1 6 0 0], L_000002a8531f2550, L_000002a8532b0dc0;
L_000002a8531f1510 .arith/sum 7, L_000002a8531f1f10, L_000002a8531f1970;
L_000002a8531f1ab0 .part L_000002a8531f1650, 0, 2;
L_000002a8531f1b50 .part L_000002a8531e8e60, 0, 2;
L_000002a8531f1dd0 .concat [ 2 2 6 0], L_000002a8531f1b50, L_000002a8531f1ab0, L_000002a8531f1290;
L_000002a8531f15b0 .part L_000002a8531f1dd0, 0, 8;
S_000002a8531dc060 .scope module, "mul4" "vedic_4x4" 2 16, 2 28 0, S_000002a8532ad8e0;
 .timescale 0 0;
    .port_info 0 /INPUT 4 "a";
    .port_info 1 /INPUT 4 "b";
    .port_info 2 /OUTPUT 8 "p";
v000002a8531dbcc0_0 .net *"_ivl_1", 1 0, L_000002a8531f0750;  1 drivers
v000002a8531da5a0_0 .net *"_ivl_100", 6 0, L_000002a8531ee6d0;  1 drivers
L_000002a8532b1240 .functor BUFT 1, C4<000000>, C4<0>, C4<0>, C4<0>;
v000002a8531db2c0_0 .net *"_ivl_103", 5 0, L_000002a8532b1240;  1 drivers
v000002a8531da500_0 .net *"_ivl_104", 6 0, L_000002a8531ee770;  1 drivers
v000002a8531dab40_0 .net *"_ivl_107", 1 0, L_000002a8531ef490;  1 drivers
v000002a8531daf00_0 .net *"_ivl_109", 1 0, L_000002a8531f0610;  1 drivers
L_000002a8532b0e50 .functor BUFT 1, C4<00>, C4<0>, C4<0>, C4<0>;
v000002a8531db400_0 .net *"_ivl_11", 1 0, L_000002a8532b0e50;  1 drivers
v000002a8531daaa0_0 .net *"_ivl_110", 9 0, L_000002a8531efa30;  1 drivers
v000002a8531da820_0 .net *"_ivl_15", 1 0, L_000002a8531f0b10;  1 drivers
v000002a8531db860_0 .net *"_ivl_16", 3 0, L_000002a8531eebd0;  1 drivers
L_000002a8532b0e98 .functor BUFT 1, C4<00>, C4<0>, C4<0>, C4<0>;
v000002a8531db680_0 .net *"_ivl_19", 1 0, L_000002a8532b0e98;  1 drivers
v000002a8531db540_0 .net *"_ivl_2", 3 0, L_000002a8531f0110;  1 drivers
v000002a8531da3c0_0 .net *"_ivl_21", 1 0, L_000002a8531ef2b0;  1 drivers
v000002a8531dbe00_0 .net *"_ivl_22", 3 0, L_000002a8531f0930;  1 drivers
L_000002a8532b0ee0 .functor BUFT 1, C4<00>, C4<0>, C4<0>, C4<0>;
v000002a8531da8c0_0 .net *"_ivl_25", 1 0, L_000002a8532b0ee0;  1 drivers
v000002a8531da280_0 .net *"_ivl_29", 1 0, L_000002a8531ef670;  1 drivers
v000002a8531da0a0_0 .net *"_ivl_30", 3 0, L_000002a8531ef7b0;  1 drivers
L_000002a8532b0f28 .functor BUFT 1, C4<00>, C4<0>, C4<0>, C4<0>;
v000002a8531dbd60_0 .net *"_ivl_33", 1 0, L_000002a8532b0f28;  1 drivers
v000002a8531db5e0_0 .net *"_ivl_35", 1 0, L_000002a8531eff30;  1 drivers
v000002a8531db4a0_0 .net *"_ivl_36", 3 0, L_000002a8531f0a70;  1 drivers
L_000002a8532b0f70 .functor BUFT 1, C4<00>, C4<0>, C4<0>, C4<0>;
v000002a8531db720_0 .net *"_ivl_39", 1 0, L_000002a8532b0f70;  1 drivers
v000002a8531db0e0_0 .net *"_ivl_43", 1 0, L_000002a8531ef030;  1 drivers
v000002a8531dbc20_0 .net *"_ivl_44", 3 0, L_000002a8531f01b0;  1 drivers
L_000002a8532b0fb8 .functor BUFT 1, C4<00>, C4<0>, C4<0>, C4<0>;
v000002a8531da140_0 .net *"_ivl_47", 1 0, L_000002a8532b0fb8;  1 drivers
v000002a8531db900_0 .net *"_ivl_49", 1 0, L_000002a8531efc10;  1 drivers
L_000002a8532b0e08 .functor BUFT 1, C4<00>, C4<0>, C4<0>, C4<0>;
v000002a8531da6e0_0 .net *"_ivl_5", 1 0, L_000002a8532b0e08;  1 drivers
v000002a8531dadc0_0 .net *"_ivl_50", 3 0, L_000002a8531eef90;  1 drivers
L_000002a8532b1000 .functor BUFT 1, C4<00>, C4<0>, C4<0>, C4<0>;
v000002a8531dafa0_0 .net *"_ivl_53", 1 0, L_000002a8532b1000;  1 drivers
v000002a8531db9a0_0 .net *"_ivl_59", 6 0, L_000002a8531ef0d0;  1 drivers
L_000002a8532b1048 .functor BUFT 1, C4<000>, C4<0>, C4<0>, C4<0>;
v000002a8531daa00_0 .net *"_ivl_62", 2 0, L_000002a8532b1048;  1 drivers
v000002a8531dbae0_0 .net *"_ivl_63", 6 0, L_000002a8531effd0;  1 drivers
L_000002a8532b1090 .functor BUFT 1, C4<000>, C4<0>, C4<0>, C4<0>;
v000002a8531dbb80_0 .net *"_ivl_66", 2 0, L_000002a8532b1090;  1 drivers
v000002a8531dabe0_0 .net *"_ivl_67", 6 0, L_000002a8531f04d0;  1 drivers
L_000002a8532b10d8 .functor BUFT 1, C4<00>, C4<0>, C4<0>, C4<0>;
v000002a8531dbea0_0 .net/2u *"_ivl_69", 1 0, L_000002a8532b10d8;  1 drivers
v000002a8531da1e0_0 .net *"_ivl_7", 1 0, L_000002a8531eee50;  1 drivers
v000002a8531db040_0 .net *"_ivl_72", 1 0, L_000002a8531eeef0;  1 drivers
v000002a8531da460_0 .net *"_ivl_73", 3 0, L_000002a8531ef170;  1 drivers
v000002a8531da640_0 .net *"_ivl_75", 6 0, L_000002a8531f0e30;  1 drivers
L_000002a8532b1120 .functor BUFT 1, C4<000>, C4<0>, C4<0>, C4<0>;
v000002a8531da780_0 .net *"_ivl_78", 2 0, L_000002a8532b1120;  1 drivers
v000002a8531dd8f0_0 .net *"_ivl_79", 6 0, L_000002a8531ef530;  1 drivers
v000002a8531dd0d0_0 .net *"_ivl_8", 3 0, L_000002a8531f02f0;  1 drivers
v000002a8531dd210_0 .net *"_ivl_84", 6 0, L_000002a8531ef850;  1 drivers
L_000002a8532b1168 .functor BUFT 1, C4<000>, C4<0>, C4<0>, C4<0>;
v000002a8531dddf0_0 .net *"_ivl_87", 2 0, L_000002a8532b1168;  1 drivers
L_000002a8532b11b0 .functor BUFT 1, C4<00>, C4<0>, C4<0>, C4<0>;
v000002a8531dd170_0 .net/2u *"_ivl_88", 1 0, L_000002a8532b11b0;  1 drivers
v000002a8531dd2b0_0 .net *"_ivl_91", 3 0, L_000002a8531f0cf0;  1 drivers
v000002a8531ddad0_0 .net *"_ivl_92", 5 0, L_000002a8531ef210;  1 drivers
v000002a8531dda30_0 .net *"_ivl_94", 6 0, L_000002a8531ef350;  1 drivers
L_000002a8532b11f8 .functor BUFT 1, C4<0>, C4<0>, C4<0>, C4<0>;
v000002a8531dc450_0 .net *"_ivl_97", 0 0, L_000002a8532b11f8;  1 drivers
v000002a8531dcd10_0 .net *"_ivl_98", 6 0, L_000002a8531f0d90;  1 drivers
v000002a8531dd350_0 .net "a", 3 0, L_000002a8531eed10;  1 drivers
v000002a8531dc9f0_0 .net "b", 3 0, L_000002a8531efad0;  1 drivers
v000002a8531dc4f0_0 .net "c1", 0 0, L_000002a8531ef5d0;  1 drivers
v000002a8531dd5d0_0 .net "c2", 0 0, L_000002a8531f0570;  1 drivers
v000002a8531ddcb0_0 .net "p", 7 0, L_000002a8531ef8f0;  alias, 1 drivers
v000002a8531dd670_0 .net "p0", 3 0, L_000002a8531ef990;  1 drivers
v000002a8531dd3f0_0 .net "p1", 3 0, L_000002a8531f0390;  1 drivers
v000002a8531dd990_0 .net "p2", 3 0, L_000002a8531ef3f0;  1 drivers
v000002a8531dcdb0_0 .net "p3", 3 0, L_000002a8531f0250;  1 drivers
v000002a8531dca90_0 .net "s1", 5 0, L_000002a8531f0430;  1 drivers
v000002a8531dd490_0 .net "s2", 5 0, L_000002a8531ef710;  1 drivers
L_000002a8531f0750 .part L_000002a8531eed10, 0, 2;
L_000002a8531f0110 .concat [ 2 2 0 0], L_000002a8531f0750, L_000002a8532b0e08;
L_000002a8531eee50 .part L_000002a8531efad0, 0, 2;
L_000002a8531f02f0 .concat [ 2 2 0 0], L_000002a8531eee50, L_000002a8532b0e50;
L_000002a8531ef990 .arith/mult 4, L_000002a8531f0110, L_000002a8531f02f0;
L_000002a8531f0b10 .part L_000002a8531eed10, 2, 2;
L_000002a8531eebd0 .concat [ 2 2 0 0], L_000002a8531f0b10, L_000002a8532b0e98;
L_000002a8531ef2b0 .part L_000002a8531efad0, 0, 2;
L_000002a8531f0930 .concat [ 2 2 0 0], L_000002a8531ef2b0, L_000002a8532b0ee0;
L_000002a8531f0390 .arith/mult 4, L_000002a8531eebd0, L_000002a8531f0930;
L_000002a8531ef670 .part L_000002a8531eed10, 0, 2;
L_000002a8531ef7b0 .concat [ 2 2 0 0], L_000002a8531ef670, L_000002a8532b0f28;
L_000002a8531eff30 .part L_000002a8531efad0, 2, 2;
L_000002a8531f0a70 .concat [ 2 2 0 0], L_000002a8531eff30, L_000002a8532b0f70;
L_000002a8531ef3f0 .arith/mult 4, L_000002a8531ef7b0, L_000002a8531f0a70;
L_000002a8531ef030 .part L_000002a8531eed10, 2, 2;
L_000002a8531f01b0 .concat [ 2 2 0 0], L_000002a8531ef030, L_000002a8532b0fb8;
L_000002a8531efc10 .part L_000002a8531efad0, 2, 2;
L_000002a8531eef90 .concat [ 2 2 0 0], L_000002a8531efc10, L_000002a8532b1000;
L_000002a8531f0250 .arith/mult 4, L_000002a8531f01b0, L_000002a8531eef90;
L_000002a8531ef5d0 .part L_000002a8531ef530, 6, 1;
L_000002a8531f0430 .part L_000002a8531ef530, 0, 6;
L_000002a8531ef0d0 .concat [ 4 3 0 0], L_000002a8531f0390, L_000002a8532b1048;
L_000002a8531effd0 .concat [ 4 3 0 0], L_000002a8531ef3f0, L_000002a8532b1090;
L_000002a8531f04d0 .arith/sum 7, L_000002a8531ef0d0, L_000002a8531effd0;
L_000002a8531eeef0 .part L_000002a8531ef990, 2, 2;
L_000002a8531ef170 .concat [ 2 2 0 0], L_000002a8531eeef0, L_000002a8532b10d8;
L_000002a8531f0e30 .concat [ 4 3 0 0], L_000002a8531ef170, L_000002a8532b1120;
L_000002a8531ef530 .arith/sum 7, L_000002a8531f04d0, L_000002a8531f0e30;
L_000002a8531f0570 .part L_000002a8531ee770, 6, 1;
L_000002a8531ef710 .part L_000002a8531ee770, 0, 6;
L_000002a8531ef850 .concat [ 4 3 0 0], L_000002a8531f0250, L_000002a8532b1168;
L_000002a8531f0cf0 .part L_000002a8531f0430, 2, 4;
L_000002a8531ef210 .concat [ 4 2 0 0], L_000002a8531f0cf0, L_000002a8532b11b0;
L_000002a8531ef350 .concat [ 6 1 0 0], L_000002a8531ef210, L_000002a8532b11f8;
L_000002a8531f0d90 .arith/sum 7, L_000002a8531ef850, L_000002a8531ef350;
L_000002a8531ee6d0 .concat [ 1 6 0 0], L_000002a8531ef5d0, L_000002a8532b1240;
L_000002a8531ee770 .arith/sum 7, L_000002a8531f0d90, L_000002a8531ee6d0;
L_000002a8531ef490 .part L_000002a8531f0430, 0, 2;
L_000002a8531f0610 .part L_000002a8531ef990, 0, 2;
L_000002a8531efa30 .concat [ 2 2 6 0], L_000002a8531f0610, L_000002a8531ef490, L_000002a8531ef710;
L_000002a8531ef8f0 .part L_000002a8531efa30, 0, 8;
# The file index is used to find the file name in the following table.
:file_names 3;
    "N/A";
    "<interactive>";
    "8x8mult.v";
